---
source: src/compiler/tests/test_output.rs
expression: vm_code
input_file: src/compiler/tests/inputs/10/ExpressionLessSquare/SquareGame.jack

---
function SquareGame.new 0
push constant 2
call Memory.alloc 1
pop pointer 0
push this 0
pop this 0
push this 1
pop this 1
push this 0
return
function SquareGame.dispose 0
push argument 0
pop pointer 0
push this 0
call Square.dispose 1
pop temp 0
push this 0
call Memory.deAlloc 1
pop temp 0
push constant 0
return
function SquareGame.moveSquare 0
push argument 0
pop pointer 0
push this 1
not
if-goto __VM_LABEL_1
push this 0
call Square.moveUp 1
pop temp 0
label __VM_LABEL_1
push this 1
not
if-goto __VM_LABEL_2
push this 0
call Square.moveDown 1
pop temp 0
label __VM_LABEL_2
push this 1
not
if-goto __VM_LABEL_3
push this 0
call Square.moveLeft 1
pop temp 0
label __VM_LABEL_3
push this 1
not
if-goto __VM_LABEL_4
push this 0
call Square.moveRight 1
pop temp 0
label __VM_LABEL_4
push this 1
call Sys.wait 1
pop temp 0
push constant 0
return
function SquareGame.run 2
push argument 0
pop pointer 0
push local 0
pop local 1
label __VM_LABEL_5
push local 1
not
if-goto __VM_LABEL_6
label __VM_LABEL_7
push local 0
not
if-goto __VM_LABEL_8
push local 0
pop local 0
push pointer 0
call SquareGame.moveSquare 1
pop temp 0
goto __VM_LABEL_7
label __VM_LABEL_8
push local 0
not
if-goto __VM_LABEL_9
push local 1
pop local 1
label __VM_LABEL_9
push local 0
not
if-goto __VM_LABEL_10
push this 0
call Square.decSize 1
pop temp 0
label __VM_LABEL_10
push local 0
not
if-goto __VM_LABEL_11
push this 0
call Square.incSize 1
pop temp 0
label __VM_LABEL_11
push local 0
not
if-goto __VM_LABEL_12
push local 1
pop this 1
label __VM_LABEL_12
push local 0
not
if-goto __VM_LABEL_13
push local 0
pop this 1
label __VM_LABEL_13
push local 0
not
if-goto __VM_LABEL_14
push this 0
pop this 1
label __VM_LABEL_14
push local 0
not
if-goto __VM_LABEL_15
push this 1
pop this 1
label __VM_LABEL_15
label __VM_LABEL_16
push local 0
not
if-goto __VM_LABEL_17
push local 0
pop local 0
push pointer 0
call SquareGame.moveSquare 1
pop temp 0
goto __VM_LABEL_16
label __VM_LABEL_17
goto __VM_LABEL_5
label __VM_LABEL_6
push constant 0
return

