---
source: src/compiler/tests/test_output.rs
expression: vm_code
input_file: src/compiler/tests/inputs/11/Seven/Main.jack

---
function Main.main 0
push constant 7
call Output.printInt 1
pop temp 0
push constant 0
return

