---
source: src/compiler/tests/test_output.rs
expression: result_xml
input_file: src/compiler/tests/inputs/11/ConvertToBin/Main.jack
---
<class>
  <keyword> class </keyword>
  <identifier> Main </identifier>
  <symbol> { </symbol>
  <subroutineDec>
    <keyword> function </keyword>
    <keyword> void </keyword>
    <identifier> main </identifier>
    <symbol> ( </symbol>
    <parameterList>
    </parameterList>
    <symbol> ) </symbol>
    <subroutineBody>
      <symbol> { </symbol>
      <varDec>
        <keyword> var </keyword>
        <keyword> int </keyword>
        <identifier>
          <identifierName> value </identifierName>
          <identifierCategory> local </identifierCategory>
          <identifierIndex> 0 </identifierIndex>
          <identifierIsUsed> false </identifierIsUsed>
        </identifier>
        <symbol> ; </symbol>
      </varDec>
      <statements>
        <doStatement>
          <keyword> do </keyword>
          <identifier> Main </identifier>
          <symbol> . </symbol>
          <identifier> fillMemory </identifier>
          <symbol> ( </symbol>
          <expressionList>
            <expression>
              <term>
                <integerConstant> 8001 </integerConstant>
              </term>
            </expression>
            <symbol> , </symbol>
            <expression>
              <term>
                <integerConstant> 16 </integerConstant>
              </term>
            </expression>
            <symbol> , </symbol>
            <expression>
              <term>
                <symbol> - </symbol>
                <term>
                  <integerConstant> 1 </integerConstant>
                </term>
              </term>
            </expression>
          </expressionList>
          <symbol> ) </symbol>
          <symbol> ; </symbol>
        </doStatement>
        <letStatement>
          <keyword> let </keyword>
          <identifier>
            <identifierName> value </identifierName>
            <identifierCategory> local </identifierCategory>
            <identifierIndex> 0 </identifierIndex>
            <identifierIsUsed> true </identifierIsUsed>
          </identifier>
          <symbol> = </symbol>
          <expression>
            <term>
              <identifier> Memory </identifier>
              <symbol> . </symbol>
              <identifier> peek </identifier>
              <symbol> ( </symbol>
              <expressionList>
                <expression>
                  <term>
                    <integerConstant> 8000 </integerConstant>
                  </term>
                </expression>
              </expressionList>
              <symbol> ) </symbol>
            </term>
          </expression>
          <symbol> ; </symbol>
        </letStatement>
        <doStatement>
          <keyword> do </keyword>
          <identifier> Main </identifier>
          <symbol> . </symbol>
          <identifier> convert </identifier>
          <symbol> ( </symbol>
          <expressionList>
            <expression>
              <term>
                <identifier>
                  <identifierName> value </identifierName>
                  <identifierCategory> local </identifierCategory>
                  <identifierIndex> 0 </identifierIndex>
                  <identifierIsUsed> true </identifierIsUsed>
                </identifier>
              </term>
            </expression>
          </expressionList>
          <symbol> ) </symbol>
          <symbol> ; </symbol>
        </doStatement>
        <returnStatement>
          <keyword> return </keyword>
          <symbol> ; </symbol>
        </returnStatement>
      </statements>
      <symbol> } </symbol>
    </subroutineBody>
  </subroutineDec>
  <subroutineDec>
    <keyword> function </keyword>
    <keyword> void </keyword>
    <identifier> convert </identifier>
    <symbol> ( </symbol>
    <parameterList>
      <keyword> int </keyword>
      <identifier>
        <identifierName> value </identifierName>
        <identifierCategory> argument </identifierCategory>
        <identifierIndex> 0 </identifierIndex>
        <identifierIsUsed> false </identifierIsUsed>
      </identifier>
    </parameterList>
    <symbol> ) </symbol>
    <subroutineBody>
      <symbol> { </symbol>
      <varDec>
        <keyword> var </keyword>
        <keyword> int </keyword>
        <identifier>
          <identifierName> mask </identifierName>
          <identifierCategory> local </identifierCategory>
          <identifierIndex> 0 </identifierIndex>
          <identifierIsUsed> false </identifierIsUsed>
        </identifier>
        <symbol> , </symbol>
        <identifier>
          <identifierName> position </identifierName>
          <identifierCategory> local </identifierCategory>
          <identifierIndex> 1 </identifierIndex>
          <identifierIsUsed> false </identifierIsUsed>
        </identifier>
        <symbol> ; </symbol>
      </varDec>
      <varDec>
        <keyword> var </keyword>
        <keyword> boolean </keyword>
        <identifier>
          <identifierName> loop </identifierName>
          <identifierCategory> local </identifierCategory>
          <identifierIndex> 2 </identifierIndex>
          <identifierIsUsed> false </identifierIsUsed>
        </identifier>
        <symbol> ; </symbol>
      </varDec>
      <statements>
        <letStatement>
          <keyword> let </keyword>
          <identifier>
            <identifierName> loop </identifierName>
            <identifierCategory> local </identifierCategory>
            <identifierIndex> 2 </identifierIndex>
            <identifierIsUsed> true </identifierIsUsed>
          </identifier>
          <symbol> = </symbol>
          <expression>
            <term>
              <keyword> true </keyword>
            </term>
          </expression>
          <symbol> ; </symbol>
        </letStatement>
        <whileStatement>
          <keyword> while </keyword>
          <symbol> ( </symbol>
          <expression>
            <term>
              <identifier>
                <identifierName> loop </identifierName>
                <identifierCategory> local </identifierCategory>
                <identifierIndex> 2 </identifierIndex>
                <identifierIsUsed> true </identifierIsUsed>
              </identifier>
            </term>
          </expression>
          <symbol> ) </symbol>
          <symbol> { </symbol>
          <statements>
            <letStatement>
              <keyword> let </keyword>
              <identifier>
                <identifierName> position </identifierName>
                <identifierCategory> local </identifierCategory>
                <identifierIndex> 1 </identifierIndex>
                <identifierIsUsed> true </identifierIsUsed>
              </identifier>
              <symbol> = </symbol>
              <expression>
                <term>
                  <identifier>
                    <identifierName> position </identifierName>
                    <identifierCategory> local </identifierCategory>
                    <identifierIndex> 1 </identifierIndex>
                    <identifierIsUsed> true </identifierIsUsed>
                  </identifier>
                </term>
                <symbol> + </symbol>
                <term>
                  <integerConstant> 1 </integerConstant>
                </term>
              </expression>
              <symbol> ; </symbol>
            </letStatement>
            <letStatement>
              <keyword> let </keyword>
              <identifier>
                <identifierName> mask </identifierName>
                <identifierCategory> local </identifierCategory>
                <identifierIndex> 0 </identifierIndex>
                <identifierIsUsed> true </identifierIsUsed>
              </identifier>
              <symbol> = </symbol>
              <expression>
                <term>
                  <identifier> Main </identifier>
                  <symbol> . </symbol>
                  <identifier> nextMask </identifier>
                  <symbol> ( </symbol>
                  <expressionList>
                    <expression>
                      <term>
                        <identifier>
                          <identifierName> mask </identifierName>
                          <identifierCategory> local </identifierCategory>
                          <identifierIndex> 0 </identifierIndex>
                          <identifierIsUsed> true </identifierIsUsed>
                        </identifier>
                      </term>
                    </expression>
                  </expressionList>
                  <symbol> ) </symbol>
                </term>
              </expression>
              <symbol> ; </symbol>
            </letStatement>
            <ifStatement>
              <keyword> if </keyword>
              <symbol> ( </symbol>
              <expression>
                <term>
                  <symbol> ~ </symbol>
                  <term>
                    <symbol> ( </symbol>
                    <expression>
                      <term>
                        <identifier>
                          <identifierName> position </identifierName>
                          <identifierCategory> local </identifierCategory>
                          <identifierIndex> 1 </identifierIndex>
                          <identifierIsUsed> true </identifierIsUsed>
                        </identifier>
                      </term>
                      <symbol> &gt; </symbol>
                      <term>
                        <integerConstant> 16 </integerConstant>
                      </term>
                    </expression>
                    <symbol> ) </symbol>
                  </term>
                </term>
              </expression>
              <symbol> ) </symbol>
              <symbol> { </symbol>
              <statements>
                <ifStatement>
                  <keyword> if </keyword>
                  <symbol> ( </symbol>
                  <expression>
                    <term>
                      <symbol> ~ </symbol>
                      <term>
                        <symbol> ( </symbol>
                        <expression>
                          <term>
                            <symbol> ( </symbol>
                            <expression>
                              <term>
                                <identifier>
                                  <identifierName> value </identifierName>
                                  <identifierCategory> argument </identifierCategory>
                                  <identifierIndex> 0 </identifierIndex>
                                  <identifierIsUsed> true </identifierIsUsed>
                                </identifier>
                              </term>
                              <symbol> &amp; </symbol>
                              <term>
                                <identifier>
                                  <identifierName> mask </identifierName>
                                  <identifierCategory> local </identifierCategory>
                                  <identifierIndex> 0 </identifierIndex>
                                  <identifierIsUsed> true </identifierIsUsed>
                                </identifier>
                              </term>
                            </expression>
                            <symbol> ) </symbol>
                          </term>
                          <symbol> = </symbol>
                          <term>
                            <integerConstant> 0 </integerConstant>
                          </term>
                        </expression>
                        <symbol> ) </symbol>
                      </term>
                    </term>
                  </expression>
                  <symbol> ) </symbol>
                  <symbol> { </symbol>
                  <statements>
                    <doStatement>
                      <keyword> do </keyword>
                      <identifier> Memory </identifier>
                      <symbol> . </symbol>
                      <identifier> poke </identifier>
                      <symbol> ( </symbol>
                      <expressionList>
                        <expression>
                          <term>
                            <integerConstant> 8000 </integerConstant>
                          </term>
                          <symbol> + </symbol>
                          <term>
                            <identifier>
                              <identifierName> position </identifierName>
                              <identifierCategory> local </identifierCategory>
                              <identifierIndex> 1 </identifierIndex>
                              <identifierIsUsed> true </identifierIsUsed>
                            </identifier>
                          </term>
                        </expression>
                        <symbol> , </symbol>
                        <expression>
                          <term>
                            <integerConstant> 1 </integerConstant>
                          </term>
                        </expression>
                      </expressionList>
                      <symbol> ) </symbol>
                      <symbol> ; </symbol>
                    </doStatement>
                  </statements>
                  <symbol> } </symbol>
                  <keyword> else </keyword>
                  <symbol> { </symbol>
                  <statements>
                    <doStatement>
                      <keyword> do </keyword>
                      <identifier> Memory </identifier>
                      <symbol> . </symbol>
                      <identifier> poke </identifier>
                      <symbol> ( </symbol>
                      <expressionList>
                        <expression>
                          <term>
                            <integerConstant> 8000 </integerConstant>
                          </term>
                          <symbol> + </symbol>
                          <term>
                            <identifier>
                              <identifierName> position </identifierName>
                              <identifierCategory> local </identifierCategory>
                              <identifierIndex> 1 </identifierIndex>
                              <identifierIsUsed> true </identifierIsUsed>
                            </identifier>
                          </term>
                        </expression>
                        <symbol> , </symbol>
                        <expression>
                          <term>
                            <integerConstant> 0 </integerConstant>
                          </term>
                        </expression>
                      </expressionList>
                      <symbol> ) </symbol>
                      <symbol> ; </symbol>
                    </doStatement>
                  </statements>
                  <symbol> } </symbol>
                </ifStatement>
              </statements>
              <symbol> } </symbol>
              <keyword> else </keyword>
              <symbol> { </symbol>
              <statements>
                <letStatement>
                  <keyword> let </keyword>
                  <identifier>
                    <identifierName> loop </identifierName>
                    <identifierCategory> local </identifierCategory>
                    <identifierIndex> 2 </identifierIndex>
                    <identifierIsUsed> true </identifierIsUsed>
                  </identifier>
                  <symbol> = </symbol>
                  <expression>
                    <term>
                      <keyword> false </keyword>
                    </term>
                  </expression>
                  <symbol> ; </symbol>
                </letStatement>
              </statements>
              <symbol> } </symbol>
            </ifStatement>
          </statements>
          <symbol> } </symbol>
        </whileStatement>
        <returnStatement>
          <keyword> return </keyword>
          <symbol> ; </symbol>
        </returnStatement>
      </statements>
      <symbol> } </symbol>
    </subroutineBody>
  </subroutineDec>
  <subroutineDec>
    <keyword> function </keyword>
    <keyword> int </keyword>
    <identifier> nextMask </identifier>
    <symbol> ( </symbol>
    <parameterList>
      <keyword> int </keyword>
      <identifier>
        <identifierName> mask </identifierName>
        <identifierCategory> argument </identifierCategory>
        <identifierIndex> 0 </identifierIndex>
        <identifierIsUsed> false </identifierIsUsed>
      </identifier>
    </parameterList>
    <symbol> ) </symbol>
    <subroutineBody>
      <symbol> { </symbol>
      <statements>
        <ifStatement>
          <keyword> if </keyword>
          <symbol> ( </symbol>
          <expression>
            <term>
              <identifier>
                <identifierName> mask </identifierName>
                <identifierCategory> argument </identifierCategory>
                <identifierIndex> 0 </identifierIndex>
                <identifierIsUsed> true </identifierIsUsed>
              </identifier>
            </term>
            <symbol> = </symbol>
            <term>
              <integerConstant> 0 </integerConstant>
            </term>
          </expression>
          <symbol> ) </symbol>
          <symbol> { </symbol>
          <statements>
            <returnStatement>
              <keyword> return </keyword>
              <expression>
                <term>
                  <integerConstant> 1 </integerConstant>
                </term>
              </expression>
              <symbol> ; </symbol>
            </returnStatement>
          </statements>
          <symbol> } </symbol>
          <keyword> else </keyword>
          <symbol> { </symbol>
          <statements>
            <returnStatement>
              <keyword> return </keyword>
              <expression>
                <term>
                  <identifier>
                    <identifierName> mask </identifierName>
                    <identifierCategory> argument </identifierCategory>
                    <identifierIndex> 0 </identifierIndex>
                    <identifierIsUsed> true </identifierIsUsed>
                  </identifier>
                </term>
                <symbol> * </symbol>
                <term>
                  <integerConstant> 2 </integerConstant>
                </term>
              </expression>
              <symbol> ; </symbol>
            </returnStatement>
          </statements>
          <symbol> } </symbol>
        </ifStatement>
      </statements>
      <symbol> } </symbol>
    </subroutineBody>
  </subroutineDec>
  <subroutineDec>
    <keyword> function </keyword>
    <keyword> void </keyword>
    <identifier> fillMemory </identifier>
    <symbol> ( </symbol>
    <parameterList>
      <keyword> int </keyword>
      <identifier>
        <identifierName> startAddress </identifierName>
        <identifierCategory> argument </identifierCategory>
        <identifierIndex> 0 </identifierIndex>
        <identifierIsUsed> false </identifierIsUsed>
      </identifier>
      <symbol> , </symbol>
      <keyword> int </keyword>
      <identifier>
        <identifierName> length </identifierName>
        <identifierCategory> argument </identifierCategory>
        <identifierIndex> 1 </identifierIndex>
        <identifierIsUsed> false </identifierIsUsed>
      </identifier>
      <symbol> , </symbol>
      <keyword> int </keyword>
      <identifier>
        <identifierName> value </identifierName>
        <identifierCategory> argument </identifierCategory>
        <identifierIndex> 2 </identifierIndex>
        <identifierIsUsed> false </identifierIsUsed>
      </identifier>
    </parameterList>
    <symbol> ) </symbol>
    <subroutineBody>
      <symbol> { </symbol>
      <statements>
        <whileStatement>
          <keyword> while </keyword>
          <symbol> ( </symbol>
          <expression>
            <term>
              <identifier>
                <identifierName> length </identifierName>
                <identifierCategory> argument </identifierCategory>
                <identifierIndex> 1 </identifierIndex>
                <identifierIsUsed> true </identifierIsUsed>
              </identifier>
            </term>
            <symbol> &gt; </symbol>
            <term>
              <integerConstant> 0 </integerConstant>
            </term>
          </expression>
          <symbol> ) </symbol>
          <symbol> { </symbol>
          <statements>
            <doStatement>
              <keyword> do </keyword>
              <identifier> Memory </identifier>
              <symbol> . </symbol>
              <identifier> poke </identifier>
              <symbol> ( </symbol>
              <expressionList>
                <expression>
                  <term>
                    <identifier>
                      <identifierName> startAddress </identifierName>
                      <identifierCategory> argument </identifierCategory>
                      <identifierIndex> 0 </identifierIndex>
                      <identifierIsUsed> true </identifierIsUsed>
                    </identifier>
                  </term>
                </expression>
                <symbol> , </symbol>
                <expression>
                  <term>
                    <identifier>
                      <identifierName> value </identifierName>
                      <identifierCategory> argument </identifierCategory>
                      <identifierIndex> 2 </identifierIndex>
                      <identifierIsUsed> true </identifierIsUsed>
                    </identifier>
                  </term>
                </expression>
              </expressionList>
              <symbol> ) </symbol>
              <symbol> ; </symbol>
            </doStatement>
            <letStatement>
              <keyword> let </keyword>
              <identifier>
                <identifierName> length </identifierName>
                <identifierCategory> argument </identifierCategory>
                <identifierIndex> 1 </identifierIndex>
                <identifierIsUsed> true </identifierIsUsed>
              </identifier>
              <symbol> = </symbol>
              <expression>
                <term>
                  <identifier>
                    <identifierName> length </identifierName>
                    <identifierCategory> argument </identifierCategory>
                    <identifierIndex> 1 </identifierIndex>
                    <identifierIsUsed> true </identifierIsUsed>
                  </identifier>
                </term>
                <symbol> - </symbol>
                <term>
                  <integerConstant> 1 </integerConstant>
                </term>
              </expression>
              <symbol> ; </symbol>
            </letStatement>
            <letStatement>
              <keyword> let </keyword>
              <identifier>
                <identifierName> startAddress </identifierName>
                <identifierCategory> argument </identifierCategory>
                <identifierIndex> 0 </identifierIndex>
                <identifierIsUsed> true </identifierIsUsed>
              </identifier>
              <symbol> = </symbol>
              <expression>
                <term>
                  <identifier>
                    <identifierName> startAddress </identifierName>
                    <identifierCategory> argument </identifierCategory>
                    <identifierIndex> 0 </identifierIndex>
                    <identifierIsUsed> true </identifierIsUsed>
                  </identifier>
                </term>
                <symbol> + </symbol>
                <term>
                  <integerConstant> 1 </integerConstant>
                </term>
              </expression>
              <symbol> ; </symbol>
            </letStatement>
          </statements>
          <symbol> } </symbol>
        </whileStatement>
        <returnStatement>
          <keyword> return </keyword>
          <symbol> ; </symbol>
        </returnStatement>
      </statements>
      <symbol> } </symbol>
    </subroutineBody>
  </subroutineDec>
  <symbol> } </symbol>
</class>

